** Symbol Table at Depth 2 **
Lexeme          Class        Depth     Offset    Type         Size      Value(r)
--------------------------------------------------------------------------------
y               Variable     2         -2         IntToken     2         -


** Symbol Table at Depth 2 **
Lexeme          Class        Depth     Offset    Type         Size      Value(r)
--------------------------------------------------------------------------------
x               Variable     2         -2         IntToken     2         -


** Symbol Table at Depth 1 **
Lexeme          Class        Depth     Offset    Type         Size      Value(r)
--------------------------------------------------------------------------------
main            Function     1         -         IntToken     2         -
foo             Function     1         -         IntToken     2         -


Completed processing FunctionCall.c