** Symbol Table at Depth 2 **
Lexeme          Class        Depth     Offset    Type         Size      Value(r)
--------------------------------------------------------------------------------


** Symbol Table at Depth 1 **
Lexeme          Class        Depth     Offset    Type         Size      Value(r)
--------------------------------------------------------------------------------
main            Function     1         -         IntToken     0         -
x               Variable     1         6         FloatToken   4         -
y               Variable     1         10        FloatToken   4         -
z               Variable     1         14        FloatToken   4         -
a               Variable     1         0         IntToken     2         -
b               Variable     1         2         IntToken     2         -
c               Variable     1         4         IntToken     2         -


Completed processing t51.c
