ERROR: Line 6 Duplicate lexeme "sum" with depth "2" exists
Completed processing t54.c
