ERROR: Line 3 Duplicate lexeme "x" with depth "2" exists
Completed processing t56.c
