ERROR: Line 6 Duplicate lexeme "a" with depth "1" exists
Completed processing t57.c
