** Symbol Table at Depth 2 **
Lexeme          Class        Depth     Offset    Type         Size      Value(r)
--------------------------------------------------------------------------------
a               Constant     2         -         -            -         5
b               Variable     2         0         IntToken     2         -
c               Variable     2         2         IfToken      -1        -
d               Variable     2         1         IfToken      -1        -


** Symbol Table at Depth 1 **
Lexeme          Class        Depth     Offset    Type         Size      Value(r)
--------------------------------------------------------------------------------
main            Function     1         -         IntToken     2         -


Completed processing test6.c
