** Symbol Table at Depth 2 **
Lexeme          Class        Depth     Offset    Type         Size      Value(r)
--------------------------------------------------------------------------------


** Symbol Table at Depth 1 **
Lexeme          Class        Depth     Offset    Type         Size      Value(r)
--------------------------------------------------------------------------------
main            Function     1         -         IntToken     0         -
a               Variable     1         0         IntToken     2         -
b               Variable     1         2         IntToken     2         -
c               Variable     1         4         IntToken     2         -


Completed processing test1.c