ERROR: Line 4 Use of undeclared variable c
** Symbol Table at Depth 2 **
Lexeme          Class        Depth     Offset    Type         Size      Value(r)
--------------------------------------------------------------------------------
a               Variable     2         0         IntToken     2         -
b               Variable     2         2         IfToken      -1        -


** Symbol Table at Depth 1 **
Lexeme          Class        Depth     Offset    Type         Size      Value(r)
--------------------------------------------------------------------------------
main            Function     1         -         IntToken     2         -


Completed processing test7.c
