Lexeme                                 Token                          Attributes
--------------------------------------------------------------------------------
id1                                    IdentifierToken                
identifier2                            IdentifierToken                
\n                                     EndOfFileToken                 
