Lexeme                              Token                Attributes     
-------------------------------------------------------------------
Wheee                               IdentifierToken                    
Hello                               IdentifierToken                     
wORlD                               IdentifierToken                     
abcdefghijklmnopqrstuvwxyz_         IdentifierToken                     
abcdefghijklmnopqrstuvwxyz123       IdentifierToken      abcdefghijklmnopqrstuvwxyz1
abcdefghijklmnopqrstuvwxyz123       IdentifierToken      abcdefghijklmnopqrstuvwxyz1
if                                  IfToken                             
ELse                                IdentifierToken                     
hello                               IdentifierToken                     
while                               WhileToken                          
\n                                  EndOfFileToken                      
