Lexeme                                 Token                          Attributes
--------------------------------------------------------------------------------
/                                      MultiplicationOperatorToken    
*                                      MultiplicationOperatorToken    
;                                      SemiColonToken                 
%                                      MultiplicationOperatorToken    
\n                                     EndOfFileToken                 
