Proc test1
	_bp-8 = 5
	_bp-2 = _bp-8
	_bp-10 = 10
	_bp-4 = _bp-10
	_bp-12 = _bp-2 + _bp-4
	_bp-6 = _bp-12
	_bp-14 = -1
	_AX = _bp-14
Endp test1

Proc main
	Call test1
	_bp-2 = _AX
	_bp-4 = -1
	_AX = _bp-4
Endp main

Start Proc Main
