PROC foo
	_BP-4 = _BP-2 * _BP-2
	_BP-6 = _BP-4 + _BP-2
	_AX = _BP-6
ENDP foo

PROC main
	_BP-6 = _BP-2 * _BP-2
	_BP-4 = _BP-2 + _BP-6
	_BP-2 = _BP-4
	_PUSH _b
	_PUSH _BP-2
	_CALL foo
	_BP-2 = _AX
	_AX = _BP-2
ENDP main

START PROC main