PROC main
	_BP-2 = 5
	_a = _BP-2
	_BP-4 = 10
	_b = _BP-4
	_BP-6 = 33
	_BP-10 = 20
	_BP-8 = _BP-6 + _BP-10
	_d = _BP-8
	_BP-12 = 33
	_BP-14 = _BP-12 + _d
	_BP-18 = _a + _b
	_BP-16 = _BP-14 * _BP-18
	_c = _BP-16
	_AX = _c
ENDP main

START PROC main

