** Symbol Table at Depth 2 **
Lexeme                                 Class                          Depth
---------------------------------------------------------------------------
cats                                   Variable                       2
dogs                                   Constant                       2


** Symbol Table at Depth 3 **
Lexeme                                 Class                          Depth
---------------------------------------------------------------------------