ERROR: Line 3 Expected token "IdentifierToken" - Received token "IntToken"
ERROR: Line 3 Expected token "SemiColonToken" - Received token "IntToken"
Completed processing InvalidIdentifierTail.c