ERROR: Line 3 Expected token "LeftBraceToken" - Received token "LeftParenthesisToken"
ERROR: Line 3 Unexpected tokens in source file, expected End-of-File Token
Completed processing InvalidCompound.c
