Lexeme                                 Token                          Attribute
-------------------------------------------------------------------------------
123                                    NumberToken                    123
123.45                                 NumberToken                    123.45
.                                      PeriodToken                    
12                                     NumberToken                    12
1                                      NumberToken                    1
.                                      PeriodToken                    
9                                      NumberToken                    9
8                                      NumberToken                    8
7.6                                    NumberToken                    7.6
2                                      NumberToken                    2
.                                      PeriodToken                    
cow                                    IdentifierToken                    
3                                      NumberToken					  3                    
.                                      PeriodToken                    
cow3                                   IdentifierToken    
if3									   IdentifierToken	
2147483647                             NumberToken					  2.147484E+09
2147483647.5						   NumberToken                    2.147484E+09
2                                      NumberToken                    2
if                                     IfToken   
_                                      UnknownToken                   
2                                      NumberToken                    2
a2                                     IdentifierToken     
88                                     NumberToken                    88
"88                                    UnknownToken                   
9                                      NumberToken                    9
"88"                                   StringLiteralToken             "88"
"88                                    UnknownToken      
"88 8                                  UnknownToken       
2                                      NumberToken                    2
.                                      PeriodToken                    
!                                      NotOperatorToken                   