Lexeme                                 Token                          Attribute
-------------------------------------------------------------------------------
&&                                     MultiplicationOperatorToken    
||                                     AdditionOperatorToken          
==                                     RelationalOperatorToken        
!=                                     RelationalOperatorToken        
<=                                     RelationalOperatorToken        
/                                      MultiplicationOperatorToken    
*                                      MultiplicationOperatorToken    
;                                      SemiColonToken                 
%                                      MultiplicationOperatorToken    
>=                                     RelationalOperatorToken        
&									   UnknownToken        
|                                      UnknownToken        
_                                      UnknownToken        
