Lexeme                                 Token                          Attribute
-------------------------------------------------------------------------------
"literal with no terminator            UnknownToken                   
