Lexeme                                 Token                          Attribute
-------------------------------------------------------------------------------
supercalifragilisticexpialidousous     UnknownToken                   
